// Jest Snapshot v1, https://goo.gl/fbAQLP

exports[`a página de configuração deve ser renderizada corretamente 1`] = `
<div>
  <div
    class="card"
  >
    <section>
      <form>
        <div
          class="grupo-input-btn"
        >
          <input
            placeholder="Insira os nomes dos participantes"
            type="text"
            value=""
          />
          <button
            disabled=""
          >
            Adicionar
          </button>
          
        </div>
      </form>
      <ul />
      <footer
        class="rodape-configuracoes"
      >
        <button
          class="botao"
          disabled=""
        >
          <svg
            fill="currentColor"
            height="40"
            stroke="currentColor"
            stroke-width="0"
            viewBox="0 0 512 512"
            width="40"
            xmlns="http://www.w3.org/2000/svg"
          >
            <path
              d="M448 256c0-106-86-192-192-192S64 150 64 256s86 192 192 192 192-86 192-192z"
              fill="none"
              stroke-miterlimit="10"
              stroke-width="32"
            />
            <path
              d="m216.32 334.44 114.45-69.14a10.89 10.89 0 0 0 0-18.6l-114.45-69.14a10.78 10.78 0 0 0-16.32 9.31v138.26a10.78 10.78 0 0 0 16.32 9.31z"
            />
          </svg>
           Iniciar brincadeira!
        </button>
        <img
          alt="Sacolas de compras"
          src="/images/sacolas.png"
        />
      </footer>
    </section>
  </div>
</div>
`;
